// Jest Snapshot v1, https://goo.gl/fbAQLP

exports[`App Render App 1`] = `
<div>
  <img
    src="[object Object]"
  />
</div>
`;
